// Jest Snapshot v1, https://goo.gl/fbAQLP

exports[`CustomerCompanyModal renders the modal correctly with title and inputs 1`] = `
<body>
  <div />
  <div>
    <div
      class="ant-modal-root css-dev-only-do-not-override-ni1kz0"
    >
      <div
        class="ant-modal-mask"
      />
      <div
        class="ant-modal-wrap ant-modal-centered"
        tabindex="-1"
      >
        <div
          aria-labelledby="test-id"
          aria-modal="true"
          class="ant-modal css-dev-only-do-not-override-ni1kz0 sc-blHHSb jFpWO ant-zoom-appear ant-zoom-appear-prepare ant-zoom"
          role="dialog"
          style="width: 520px;"
        >
          <div
            style="outline: none;"
            tabindex="0"
          >
            <div
              class="ant-modal-content"
            >
              <button
                aria-label="Close"
                class="ant-modal-close"
                type="button"
              >
                <span
                  class="ant-modal-close-x"
                >
                  <span
                    aria-label="close"
                    class="anticon anticon-close ant-modal-close-icon"
                    role="img"
                  >
                    <svg
                      aria-hidden="true"
                      data-icon="close"
                      fill="currentColor"
                      fill-rule="evenodd"
                      focusable="false"
                      height="1em"
                      viewBox="64 64 896 896"
                      width="1em"
                    >
                      <path
                        d="M799.86 166.31c.02 0 .04.02.08.06l57.69 57.7c.04.03.05.05.06.08a.12.12 0 010 .06c0 .03-.02.05-.06.09L569.93 512l287.7 287.7c.04.04.05.06.06.09a.12.12 0 010 .07c0 .02-.02.04-.06.08l-57.7 57.69c-.03.04-.05.05-.07.06a.12.12 0 01-.07 0c-.03 0-.05-.02-.09-.06L512 569.93l-287.7 287.7c-.04.04-.06.05-.09.06a.12.12 0 01-.07 0c-.02 0-.04-.02-.08-.06l-57.69-57.7c-.04-.03-.05-.05-.06-.07a.12.12 0 010-.07c0-.03.02-.05.06-.09L454.07 512l-287.7-287.7c-.04-.04-.05-.06-.06-.09a.12.12 0 010-.07c0-.02.02-.04.06-.08l57.7-57.69c.03-.04.05-.05.07-.06a.12.12 0 01.07 0c.03 0 .05.02.09.06L512 454.07l287.7-287.7c.04-.04.06-.05.09-.06a.12.12 0 01.07 0z"
                      />
                    </svg>
                  </span>
                </span>
              </button>
              <div
                class="ant-modal-header"
              >
                <div
                  class="ant-modal-title"
                  id="test-id"
                >
                  Modify Customer company
                </div>
              </div>
              <div
                class="ant-modal-body"
              >
                <form
                  class="ant-form ant-form-vertical css-dev-only-do-not-override-ni1kz0"
                  id="modify_customer_company"
                  style="padding: 20px;"
                >
                  <div
                    class="ant-form-item css-dev-only-do-not-override-ni1kz0"
                  >
                    <div
                      class="ant-row ant-form-item-row css-dev-only-do-not-override-ni1kz0"
                    >
                      <div
                        class="ant-col ant-form-item-label css-dev-only-do-not-override-ni1kz0"
                      >
                        <label
                          class=""
                          for="modify_customer_company_display_name"
                          title=""
                        >
                          <div
                            class="ant-flex css-dev-only-do-not-override-ni1kz0 ant-flex-align-center"
                            style="gap: 5px;"
                          >
                            Customer company name
                            <span
                              style="color: red;"
                            >
                              *
                            </span>
                          </div>
                        </label>
                      </div>
                      <div
                        class="ant-col ant-form-item-control css-dev-only-do-not-override-ni1kz0"
                      >
                        <div
                          class="ant-form-item-control-input"
                        >
                          <div
                            class="ant-form-item-control-input-content"
                          >
                            <input
                              class="ant-input css-dev-only-do-not-override-ni1kz0 ant-input-outlined sc-gtLWhw jtrSU"
                              data-testid="customer-name"
                              id="modify_customer_company_display_name"
                              maxlength="255"
                              placeholder="Please enter"
                              type="text"
                              value=""
                            />
                          </div>
                        </div>
                      </div>
                    </div>
                  </div>
                  <div
                    class="ant-form-item css-dev-only-do-not-override-ni1kz0"
                  >
                    <div
                      class="ant-row ant-form-item-row css-dev-only-do-not-override-ni1kz0"
                    >
                      <div
                        class="ant-col ant-form-item-label css-dev-only-do-not-override-ni1kz0"
                      >
                        <label
                          class=""
                          for="modify_customer_company_name"
                          title=""
                        >
                          <div
                            class="ant-flex css-dev-only-do-not-override-ni1kz0 ant-flex-align-center"
                            style="gap: 5px;"
                          >
                            Customer company URL short name
                            <span
                              data-testid="mocked-svg"
                              style="display: flex; justify-content: center;"
                            >
                              <svg />
                            </span>
                            <span
                              style="color: red;"
                            >
                              *
                            </span>
                          </div>
                        </label>
                      </div>
                      <div
                        class="ant-col ant-form-item-control css-dev-only-do-not-override-ni1kz0"
                      >
                        <div
                          class="ant-form-item-control-input"
                        >
                          <div
                            class="ant-form-item-control-input-content"
                          >
                            <input
                              aria-describedby="modify_customer_company_name_extra"
                              class="ant-input css-dev-only-do-not-override-ni1kz0 ant-input-outlined sc-gtLWhw jtrSU"
                              id="modify_customer_company_name"
                              maxlength="20"
                              placeholder="Please enter"
                              type="text"
                              value=""
                            />
                          </div>
                        </div>
                        <div
                          class="ant-form-item-extra"
                          id="modify_customer_company_name_extra"
                        >
                          Only lower case letters, numbers, - , allowed. No more than 20 characters in total
                        </div>
                      </div>
                    </div>
                  </div>
                </form>
              </div>
              <div
                class="ant-modal-footer"
              >
                <button
                  class="ant-btn css-dev-only-do-not-override-ni1kz0 ant-btn-default ant-btn-color-default ant-btn-variant-outlined"
                  type="button"
                >
                  <span>
                    Cancel
                  </span>
                </button>
                <button
                  class="ant-btn css-dev-only-do-not-override-ni1kz0 ant-btn-primary ant-btn-color-primary ant-btn-variant-solid"
                  type="button"
                >
                  <span>
                    OK
                  </span>
                </button>
              </div>
            </div>
          </div>
          <div
            style="width: 0px; height: 0px; overflow: hidden; outline: none;"
            tabindex="0"
          />
        </div>
      </div>
    </div>
  </div>
</body>
`;
