// Jest Snapshot v1, https://goo.gl/fbAQLP

exports[`Users Component should render the component 1`] = `
<body>
  <div>
    <div>
      Users
    </div>
  </div>
</body>
`;
