// Jest Snapshot v1, https://goo.gl/fbAQLP

exports[`App test renders  with favicon  1`] = `null`;
